// Jest Snapshot v1, https://goo.gl/fbAQLP

exports[`analysis > bookmark renders correctly 1`] = `
<div
  className="form-group"
>
  <label
    htmlFor="bookmark-input-0"
  >
    Bookmark
  </label>
  <div
    className="row"
  >
    <div
      className="col-xs-6"
    >
      <div
        className="Select Select--single is-searchable"
        style={undefined}
      >
        <div
          className="Select-control"
          onKeyDown={[Function]}
          onMouseDown={[Function]}
          onTouchEnd={[Function]}
          onTouchMove={[Function]}
          onTouchStart={[Function]}
          style={undefined}
        >
          <span
            className="Select-multi-value-wrapper"
            id="react-select-2--value"
          >
            <div
              className="Select-placeholder"
            >
              Select...
            </div>
          </span>
          <span
            className="Select-arrow-zone"
            onMouseDown={[Function]}
          >
            <span
              className="Select-arrow"
              onMouseDown={[Function]}
            />
          </span>
        </div>
      </div>
    </div>
    <div
      className="col-xs-6"
    >
      <a
        className="btn btn-success btn-block"
        disabled={undefined}
        href="#"
        onClick={[Function]}
        tabIndex={0}
      >
        <i
          className="fa fa-plus fa-fw "
        />
         
        Create bookmark
      </a>
    </div>
  </div>
</div>
`;
