// Jest Snapshot v1, https://goo.gl/fbAQLP

exports[`reducers > root should have default state 1`] = `
Object {
  "analysis": Object {
    "active": false,
    "isFetchingIsochrone": false,
    "profileRequest": Object {
      "accessModes": "WALK",
      "bikeSpeed": 4.166666666666667,
      "date": "2016-12-20",
      "directModes": "WALK",
      "egressModes": "WALK",
      "fromTime": 25200,
      "maxRides": 4,
      "maxTripDurationMinutes": 60,
      "monteCarloDraws": 200,
      "percentiles": Array [
        5,
        25,
        50,
        75,
        95,
      ],
      "toTime": 32400,
      "transitModes": "BUS,TRAM,RAIL,SUBWAY",
      "travelTimePercentile": 50,
      "variantIndex": 0,
      "walkSpeed": 1.3888888888888888,
    },
    "projectApplicationErrors": null,
    "regional": Object {
      "_id": null,
      "breaks": Array [],
      "comparisonGrid": null,
      "comparisonId": null,
      "grid": null,
      "minimumImprovementProbability": 0.95,
      "percentile": 50,
      "probabilityGrid": null,
    },
    "selectedBookmark": null,
  },
  "mapState": Object {
    "activeTrips": Array [],
    "center": Object {
      "lat": 38.8886,
      "lon": -77.043,
    },
    "components": Array [],
    "zoom": 12,
  },
  "network": Object {
    "allFetches": Array [],
    "error": null,
    "erroredFetches": Array [],
    "finishedFetches": Array [],
    "outstandingRequests": 0,
  },
  "opportunityDatasets": Object {
    "activeDataset": undefined,
    "datasets": Array [],
    "uploadStatuses": Array [],
  },
  "project": Object {
    "bundles": Array [],
    "feeds": Array [],
    "feedsById": Object {},
    "modifications": Array [],
    "projects": Array [],
    "projectsById": Object {},
  },
  "r5Version": Object {
    "analysisVersion": undefined,
    "currentVersion": "v3.2.0",
    "versions": Array [],
  },
  "region": Object {
    "currentRegionId": undefined,
    "regions": Array [],
  },
  "user": Object {
    "idToken": null,
  },
}
`;
